2026-05-19 05:30:06,771 | ==================================================
2026-05-19 05:30:06,771 | Episode: 0
2026-05-19 05:30:06,771 | Reward: -192.14
2026-05-19 05:30:06,771 | Success Rate: 0.000
2026-05-19 05:30:06,771 | Total Steps: 150
2026-05-19 05:30:10,929 | ==================================================
2026-05-19 05:30:10,930 | Episode: 20
2026-05-19 05:30:10,930 | Reward: -271.02
2026-05-19 05:30:10,930 | Success Rate: 0.000
2026-05-19 05:30:10,930 | Total Steps: 3150
2026-05-19 05:30:12,315 | Ratio Mean: 1.0000 | KL: -0.000000
2026-05-19 05:30:12,899 | Actor Loss: -0.0075 | Critic Loss: 3793.0466 | Entropy: 2.8379
2026-05-19 05:30:12,902 | Ratio Mean: 1.0001 | KL: -0.000026
2026-05-19 05:30:12,916 | Actor Loss: 0.0288 | Critic Loss: 3826.8435 | Entropy: 2.8385
2026-05-19 05:30:12,919 | Ratio Mean: 0.9994 | KL: 0.001111
2026-05-19 05:30:12,932 | Actor Loss: 0.0587 | Critic Loss: 3730.5518 | Entropy: 2.8389
2026-05-19 05:30:12,935 | Ratio Mean: 0.9983 | KL: 0.002705
2026-05-19 05:30:12,947 | Actor Loss: -0.0193 | Critic Loss: 3713.2454 | Entropy: 2.8394
2026-05-19 05:30:12,950 | Ratio Mean: 0.9932 | KL: 0.008535
2026-05-19 05:30:12,963 | Actor Loss: -0.0184 | Critic Loss: 3701.5337 | Entropy: 2.8398
2026-05-19 05:30:12,965 | Ratio Mean: 1.0000 | KL: 0.001907
2026-05-19 05:30:12,978 | Actor Loss: 0.0146 | Critic Loss: 3354.1201 | Entropy: 2.8402
2026-05-19 05:30:12,981 | Ratio Mean: 1.0027 | KL: -0.000341
2026-05-19 05:30:12,993 | Actor Loss: 0.0594 | Critic Loss: 3628.3882 | Entropy: 2.8405
2026-05-19 05:30:12,996 | Ratio Mean: 0.9981 | KL: 0.004638
2026-05-19 05:30:13,008 | Actor Loss: -0.0712 | Critic Loss: 3731.1768 | Entropy: 2.8407
2026-05-19 05:30:13,011 | Ratio Mean: 1.0030 | KL: 0.001548
2026-05-19 05:30:13,023 | Actor Loss: -0.0078 | Critic Loss: 3830.4326 | Entropy: 2.8409
2026-05-19 05:30:13,026 | Ratio Mean: 0.9976 | KL: 0.007340
2026-05-19 05:30:13,039 | Actor Loss: 0.0378 | Critic Loss: 3643.8157 | Entropy: 2.8410
2026-05-19 05:30:13,041 | Ratio Mean: 0.9965 | KL: 0.009623
2026-05-19 05:30:13,053 | Actor Loss: -0.0735 | Critic Loss: 3843.9761 | Entropy: 2.8410
2026-05-19 05:30:13,056 | Ratio Mean: 1.0062 | KL: 0.000383
2026-05-19 05:30:13,068 | Actor Loss: 0.0054 | Critic Loss: 3650.4861 | Entropy: 2.8410
2026-05-19 05:30:13,071 | Ratio Mean: 0.9947 | KL: 0.010489
2026-05-19 05:30:13,084 | Actor Loss: 0.0013 | Critic Loss: 3610.9966 | Entropy: 2.8409
2026-05-19 05:30:13,087 | Ratio Mean: 1.0074 | KL: -0.000889
2026-05-19 05:30:13,099 | Actor Loss: -0.0092 | Critic Loss: 3598.6343 | Entropy: 2.8408
2026-05-19 05:30:13,101 | Ratio Mean: 1.0026 | KL: 0.001662
2026-05-19 05:30:13,114 | Actor Loss: 0.0011 | Critic Loss: 3532.9661 | Entropy: 2.8407
2026-05-19 05:30:13,117 | Ratio Mean: 1.0037 | KL: 0.001783
2026-05-19 05:30:13,129 | Actor Loss: -0.0064 | Critic Loss: 3345.6680 | Entropy: 2.8406
2026-05-19 05:30:13,132 | Ratio Mean: 1.0040 | KL: -0.001152
2026-05-19 05:30:13,145 | Actor Loss: -0.0365 | Critic Loss: 3467.1848 | Entropy: 2.8405
2026-05-19 05:30:13,147 | Ratio Mean: 0.9977 | KL: 0.004493
2026-05-19 05:30:13,159 | Actor Loss: 0.0624 | Critic Loss: 3213.9880 | Entropy: 2.8404
2026-05-19 05:30:13,162 | Ratio Mean: 1.0010 | KL: 0.001005
2026-05-19 05:30:13,174 | Actor Loss: -0.0764 | Critic Loss: 3655.3496 | Entropy: 2.8403
2026-05-19 05:30:13,176 | Ratio Mean: 0.9992 | KL: 0.002060
2026-05-19 05:30:13,188 | Actor Loss: -0.0056 | Critic Loss: 3688.3865 | Entropy: 2.8402
2026-05-19 05:30:13,191 | Ratio Mean: 1.0016 | KL: -0.000520
2026-05-19 05:30:13,203 | Actor Loss: 0.0283 | Critic Loss: 3482.6726 | Entropy: 2.8403
2026-05-19 05:30:13,206 | Ratio Mean: 0.9987 | KL: 0.002243
2026-05-19 05:30:13,218 | Actor Loss: 0.0069 | Critic Loss: 3211.6211 | Entropy: 2.8403
2026-05-19 05:30:13,221 | Ratio Mean: 0.9980 | KL: 0.003170
2026-05-19 05:30:13,233 | Actor Loss: -0.0170 | Critic Loss: 3464.8218 | Entropy: 2.8403
2026-05-19 05:30:13,236 | Ratio Mean: 0.9981 | KL: 0.002985
2026-05-19 05:30:13,248 | Actor Loss: 0.0189 | Critic Loss: 3425.5444 | Entropy: 2.8402
2026-05-19 05:30:13,251 | Ratio Mean: 1.0003 | KL: 0.000949
2026-05-19 05:30:13,263 | Actor Loss: -0.0442 | Critic Loss: 3419.6492 | Entropy: 2.8403
2026-05-19 05:30:13,266 | Ratio Mean: 0.9948 | KL: 0.006959
2026-05-19 05:30:13,278 | Actor Loss: 0.1060 | Critic Loss: 3184.3501 | Entropy: 2.8402
2026-05-19 05:30:13,281 | Ratio Mean: 1.0022 | KL: -0.000500
2026-05-19 05:30:13,293 | Actor Loss: -0.0422 | Critic Loss: 3260.5581 | Entropy: 2.8402
2026-05-19 05:30:13,296 | Ratio Mean: 0.9978 | KL: 0.004153
2026-05-19 05:30:13,308 | Actor Loss: -0.0025 | Critic Loss: 3344.5640 | Entropy: 2.8402
2026-05-19 05:30:13,311 | Ratio Mean: 1.0027 | KL: -0.000683
2026-05-19 05:30:13,323 | Actor Loss: -0.0288 | Critic Loss: 3150.9133 | Entropy: 2.8402
2026-05-19 05:30:13,326 | Ratio Mean: 0.9999 | KL: 0.002960
2026-05-19 05:30:13,337 | Actor Loss: 0.0474 | Critic Loss: 3179.3247 | Entropy: 2.8402
2026-05-19 05:30:13,340 | Ratio Mean: 0.9977 | KL: 0.006200
2026-05-19 05:30:13,352 | Actor Loss: -0.0170 | Critic Loss: 3274.2058 | Entropy: 2.8402
2026-05-19 05:30:13,355 | Ratio Mean: 1.0000 | KL: 0.002935
2026-05-19 05:30:13,368 | Actor Loss: -0.0418 | Critic Loss: 3035.5034 | Entropy: 2.8402
2026-05-19 05:30:13,371 | Ratio Mean: 1.0016 | KL: 0.002015
2026-05-19 05:30:13,383 | Actor Loss: -0.0536 | Critic Loss: 2999.1658 | Entropy: 2.8401
2026-05-19 05:30:13,386 | Ratio Mean: 0.9929 | KL: 0.010474
2026-05-19 05:30:13,398 | Actor Loss: -0.0147 | Critic Loss: 3001.1233 | Entropy: 2.8401
2026-05-19 05:30:13,400 | Ratio Mean: 1.0088 | KL: -0.005062
2026-05-19 05:30:13,412 | Actor Loss: -0.0292 | Critic Loss: 3051.8977 | Entropy: 2.8400
2026-05-19 05:30:13,415 | Ratio Mean: 0.9961 | KL: 0.007355
2026-05-19 05:30:13,427 | Actor Loss: -0.0031 | Critic Loss: 2999.6345 | Entropy: 2.8398
2026-05-19 05:30:13,430 | Ratio Mean: 1.0026 | KL: 0.001673
2026-05-19 05:30:13,442 | Actor Loss: 0.0286 | Critic Loss: 2984.6245 | Entropy: 2.8397
2026-05-19 05:30:13,444 | Ratio Mean: 1.0019 | KL: 0.002024
2026-05-19 05:30:13,456 | Actor Loss: -0.0141 | Critic Loss: 3065.2068 | Entropy: 2.8396
2026-05-19 05:30:13,459 | Ratio Mean: 1.0062 | KL: -0.000630
2026-05-19 05:30:13,471 | Actor Loss: -0.0283 | Critic Loss: 2938.2881 | Entropy: 2.8395
2026-05-19 05:30:13,474 | Ratio Mean: 0.9939 | KL: 0.011068
2026-05-19 05:30:13,486 | Actor Loss: -0.0358 | Critic Loss: 2814.5674 | Entropy: 2.8393
2026-05-19 05:30:13,489 | Ratio Mean: 0.9907 | KL: 0.014790
2026-05-19 05:30:13,501 | Actor Loss: -0.0166 | Critic Loss: 2981.6882 | Entropy: 2.8392
2026-05-19 05:30:13,504 | Ratio Mean: 1.0026 | KL: 0.003347
2026-05-19 05:30:13,515 | Actor Loss: 0.0355 | Critic Loss: 2622.6895 | Entropy: 2.8391
2026-05-19 05:30:13,518 | Ratio Mean: 1.0013 | KL: 0.003996
2026-05-19 05:30:13,530 | Actor Loss: 0.0112 | Critic Loss: 2837.6038 | Entropy: 2.8390
2026-05-19 05:30:13,533 | Ratio Mean: 0.9934 | KL: 0.010997
2026-05-19 05:30:13,545 | Actor Loss: -0.0129 | Critic Loss: 2875.8840 | Entropy: 2.8389
2026-05-19 05:30:13,547 | Ratio Mean: 0.9984 | KL: 0.006430
2026-05-19 05:30:13,560 | Actor Loss: 0.0472 | Critic Loss: 2362.8660 | Entropy: 2.8389
2026-05-19 05:30:13,562 | Ratio Mean: 0.9957 | KL: 0.008682
2026-05-19 05:30:13,575 | Actor Loss: -0.0275 | Critic Loss: 2659.2092 | Entropy: 2.8389
2026-05-19 05:30:13,578 | Ratio Mean: 1.0035 | KL: 0.000435
2026-05-19 05:30:13,591 | Actor Loss: -0.0097 | Critic Loss: 2667.2363 | Entropy: 2.8388
2026-05-19 05:30:13,593 | Ratio Mean: 1.0028 | KL: 0.001161
2026-05-19 05:30:13,605 | Actor Loss: 0.0516 | Critic Loss: 2489.8865 | Entropy: 2.8389
2026-05-19 05:30:13,608 | Ratio Mean: 1.0047 | KL: -0.001769
2026-05-19 05:30:13,620 | Actor Loss: -0.0204 | Critic Loss: 2655.4272 | Entropy: 2.8389
2026-05-19 05:30:13,623 | Ratio Mean: 0.9933 | KL: 0.010248
2026-05-19 05:30:13,635 | Actor Loss: -0.0430 | Critic Loss: 2637.8359 | Entropy: 2.8389
2026-05-19 05:30:13,637 | Ratio Mean: 1.0000 | KL: 0.003386
2026-05-19 05:30:13,649 | Actor Loss: -0.0465 | Critic Loss: 2636.7681 | Entropy: 2.8389
2026-05-19 05:30:13,652 | Ratio Mean: 1.0035 | KL: -0.000553
2026-05-19 05:30:13,664 | Actor Loss: -0.0274 | Critic Loss: 2466.3662 | Entropy: 2.8389
2026-05-19 05:30:13,667 | Ratio Mean: 0.9981 | KL: 0.004966
2026-05-19 05:30:13,679 | Actor Loss: 0.0530 | Critic Loss: 2223.7207 | Entropy: 2.8389
2026-05-19 05:30:13,681 | Ratio Mean: 0.9943 | KL: 0.009103
2026-05-19 05:30:13,694 | Actor Loss: -0.0273 | Critic Loss: 2528.4683 | Entropy: 2.8389
2026-05-19 05:30:13,696 | Ratio Mean: 0.9961 | KL: 0.007143
2026-05-19 05:30:13,709 | Actor Loss: -0.1272 | Critic Loss: 2738.1277 | Entropy: 2.8388
2026-05-19 05:30:13,712 | Ratio Mean: 0.9974 | KL: 0.005742
2026-05-19 05:30:13,724 | Actor Loss: 0.0600 | Critic Loss: 2093.5835 | Entropy: 2.8387
2026-05-19 05:30:13,727 | Ratio Mean: 0.9940 | KL: 0.009362
2026-05-19 05:30:13,739 | Actor Loss: 0.0478 | Critic Loss: 2055.3987 | Entropy: 2.8387
2026-05-19 05:30:13,742 | Ratio Mean: 0.9998 | KL: 0.004082
2026-05-19 05:30:13,755 | Actor Loss: -0.0131 | Critic Loss: 2087.9158 | Entropy: 2.8387
2026-05-19 05:30:13,758 | Ratio Mean: 1.0069 | KL: -0.002750
2026-05-19 05:30:13,771 | Actor Loss: 0.0250 | Critic Loss: 2055.5769 | Entropy: 2.8388
2026-05-19 05:30:13,774 | Ratio Mean: 0.9974 | KL: 0.005968
2026-05-19 05:30:13,786 | Actor Loss: 0.0223 | Critic Loss: 2088.1694 | Entropy: 2.8388
2026-05-19 05:30:13,788 | Ratio Mean: 1.0004 | KL: 0.003487
2026-05-19 05:30:13,801 | Actor Loss: 0.0014 | Critic Loss: 2017.9355 | Entropy: 2.8389
2026-05-19 05:30:13,804 | Ratio Mean: 1.0004 | KL: 0.003536
2026-05-19 05:30:13,816 | Actor Loss: -0.0107 | Critic Loss: 2128.1396 | Entropy: 2.8390
2026-05-19 05:30:13,819 | Ratio Mean: 0.9968 | KL: 0.007239
2026-05-19 05:30:13,830 | Actor Loss: 0.0368 | Critic Loss: 1976.1178 | Entropy: 2.8390
2026-05-19 05:30:13,833 | Ratio Mean: 1.0037 | KL: 0.000131
2026-05-19 05:30:13,844 | Actor Loss: -0.0106 | Critic Loss: 2102.9556 | Entropy: 2.8390
2026-05-19 05:30:13,847 | Ratio Mean: 0.9975 | KL: 0.006298
2026-05-19 05:30:13,858 | Actor Loss: 0.0023 | Critic Loss: 1982.6251 | Entropy: 2.8391
2026-05-19 05:30:13,861 | Ratio Mean: 0.9989 | KL: 0.006085
2026-05-19 05:30:13,874 | Actor Loss: -0.0217 | Critic Loss: 2007.0168 | Entropy: 2.8391
2026-05-19 05:30:13,876 | Ratio Mean: 0.9993 | KL: 0.005488
2026-05-19 05:30:13,888 | Actor Loss: -0.0330 | Critic Loss: 2088.6963 | Entropy: 2.8391
2026-05-19 05:30:13,891 | Ratio Mean: 0.9862 | KL: 0.018189
2026-05-19 05:30:13,903 | Actor Loss: 0.0062 | Critic Loss: 1816.1840 | Entropy: 2.8392
2026-05-19 05:30:13,906 | Ratio Mean: 1.0043 | KL: -0.000020
2026-05-19 05:30:13,917 | Actor Loss: -0.0484 | Critic Loss: 2032.9800 | Entropy: 2.8393
2026-05-19 05:30:13,920 | Ratio Mean: 0.9942 | KL: 0.010522
2026-05-19 05:30:13,932 | Actor Loss: -0.0598 | Critic Loss: 1982.7063 | Entropy: 2.8393
2026-05-19 05:30:13,935 | Ratio Mean: 0.9986 | KL: 0.005995
2026-05-19 05:30:13,947 | Actor Loss: -0.0734 | Critic Loss: 2132.7671 | Entropy: 2.8394
2026-05-19 05:30:13,950 | Ratio Mean: 1.0029 | KL: 0.002354
2026-05-19 05:30:13,961 | Actor Loss: 0.0179 | Critic Loss: 1735.5153 | Entropy: 2.8395
2026-05-19 05:30:13,964 | Ratio Mean: 0.9969 | KL: 0.009652
2026-05-19 05:30:13,976 | Actor Loss: 0.0102 | Critic Loss: 1696.5419 | Entropy: 2.8395
2026-05-19 05:30:13,979 | Ratio Mean: 1.0005 | KL: 0.005507
2026-05-19 05:30:13,991 | Actor Loss: 0.0471 | Critic Loss: 1616.4165 | Entropy: 2.8395
2026-05-19 05:30:13,993 | Ratio Mean: 1.0041 | KL: 0.001326
2026-05-19 05:30:14,005 | Actor Loss: 0.0560 | Critic Loss: 1583.6545 | Entropy: 2.8395
2026-05-19 05:30:14,008 | Ratio Mean: 0.9945 | KL: 0.010784
2026-05-19 05:30:14,020 | Actor Loss: -0.0208 | Critic Loss: 1640.7736 | Entropy: 2.8394
2026-05-19 05:30:14,023 | Ratio Mean: 1.0055 | KL: -0.000076
2026-05-19 05:30:14,035 | Actor Loss: 0.0579 | Critic Loss: 1550.8535 | Entropy: 2.8393
2026-05-19 05:30:14,038 | Ratio Mean: 1.0012 | KL: 0.003141
2026-05-19 05:30:14,050 | Actor Loss: -0.0530 | Critic Loss: 1688.4214 | Entropy: 2.8393
2026-05-19 05:30:14,053 | Ratio Mean: 1.0020 | KL: 0.003258
2026-05-19 05:30:14,064 | Actor Loss: 0.0301 | Critic Loss: 1471.8846 | Entropy: 2.8393
2026-05-19 05:30:14,067 | Ratio Mean: 0.9930 | KL: 0.011051
2026-05-19 05:30:14,079 | Actor Loss: -0.0239 | Critic Loss: 1580.9841 | Entropy: 2.8393
2026-05-19 05:30:14,081 | Ratio Mean: 0.9950 | KL: 0.008713
2026-05-19 05:30:14,093 | Actor Loss: -0.0595 | Critic Loss: 1629.9276 | Entropy: 2.8393
2026-05-19 05:30:14,096 | Ratio Mean: 0.9971 | KL: 0.006186
2026-05-19 05:30:14,109 | Actor Loss: -0.0595 | Critic Loss: 1612.0818 | Entropy: 2.8393
2026-05-19 05:30:14,112 | Ratio Mean: 0.9963 | KL: 0.007227
2026-05-19 05:30:14,124 | Actor Loss: 0.0434 | Critic Loss: 1418.7903 | Entropy: 2.8393
2026-05-19 05:30:14,127 | Ratio Mean: 1.0065 | KL: -0.002689
2026-05-19 05:30:14,139 | Actor Loss: -0.0539 | Critic Loss: 1559.5991 | Entropy: 2.8393
2026-05-19 05:30:14,141 | Ratio Mean: 1.0001 | KL: 0.003382
2026-05-19 05:30:14,154 | Actor Loss: -0.0382 | Critic Loss: 1476.5332 | Entropy: 2.8393
2026-05-19 05:30:14,157 | Ratio Mean: 1.0041 | KL: -0.000985
2026-05-19 05:30:14,169 | Actor Loss: 0.0146 | Critic Loss: 1407.1445 | Entropy: 2.8394
2026-05-19 05:30:14,171 | Ratio Mean: 1.0030 | KL: 0.001176
2026-05-19 05:30:14,183 | Actor Loss: 0.0433 | Critic Loss: 1366.6429 | Entropy: 2.8395
2026-05-19 05:30:14,186 | Ratio Mean: 0.9997 | KL: 0.004490
2026-05-19 05:30:14,198 | Actor Loss: 0.1048 | Critic Loss: 1226.3099 | Entropy: 2.8396
2026-05-19 05:30:14,201 | Ratio Mean: 0.9986 | KL: 0.004719
2026-05-19 05:30:14,213 | Actor Loss: -0.0648 | Critic Loss: 1461.5386 | Entropy: 2.8397
2026-05-19 05:30:14,216 | Ratio Mean: 0.9958 | KL: 0.008455
2026-05-19 05:30:14,228 | Actor Loss: -0.0373 | Critic Loss: 1400.4496 | Entropy: 2.8397
2026-05-19 05:30:14,231 | Ratio Mean: 0.9988 | KL: 0.005162
2026-05-19 05:30:14,243 | Actor Loss: 0.0270 | Critic Loss: 1340.8118 | Entropy: 2.8397
2026-05-19 05:30:14,246 | Ratio Mean: 1.0012 | KL: 0.002631
2026-05-19 05:30:14,257 | Actor Loss: 0.0004 | Critic Loss: 1321.3367 | Entropy: 2.8396
2026-05-19 05:30:14,260 | Ratio Mean: 0.9989 | KL: 0.005159
2026-05-19 05:30:14,273 | Actor Loss: -0.0053 | Critic Loss: 1322.7620 | Entropy: 2.8396
2026-05-19 05:30:14,276 | Ratio Mean: 0.9940 | KL: 0.010656
2026-05-19 05:30:14,288 | Actor Loss: -0.0072 | Critic Loss: 1272.7858 | Entropy: 2.8396
2026-05-19 05:30:14,291 | Ratio Mean: 0.9960 | KL: 0.008102
2026-05-19 05:30:14,305 | Actor Loss: 0.0225 | Critic Loss: 1134.1473 | Entropy: 2.8395
2026-05-19 05:30:14,308 | Ratio Mean: 0.9912 | KL: 0.012943
2026-05-19 05:30:14,320 | Actor Loss: -0.0527 | Critic Loss: 1312.5588 | Entropy: 2.8394
2026-05-19 05:30:17,164 | ==================================================
2026-05-19 05:30:17,165 | Episode: 40
2026-05-19 05:30:17,165 | Reward: -273.99
2026-05-19 05:30:17,165 | Success Rate: 0.000
2026-05-19 05:30:17,165 | Total Steps: 6150
